EXIT=0
=================== SAMPLING A/B (same prompt, different settings) ===================
### REWRITE ###
----- A_current  temp=0.2 -----
[eval_count=39 done_reason=stop total_ms=69085]
Residents must pay before the deadline. According to the ordinance, service will start after approval. If you do not pay, you will be charged penalties that do not go over the legal limit.

----- B_google   temp=1.0 top_p=0.95 top_k=64 -----
[eval_count=45 done_reason=stop total_ms=23044]
Residents must send your payment before the deadline. According to the ordinance, service will start after it is approved. If you do not send your payment, you will be charged penalties that do not go over the legal maximum.

----- C_middle   temp=0.7 top_p=0.95 top_k=64 -----
[eval_count=45 done_reason=stop total_ms=7945]
Residents must send your payment before the deadline. According to the ordinance, service will start after it is approved. If you do not send your payment, you will be charged penalties that do not go over the legal limit.

### TRANSLATION ###
----- A_current  temp=0.2 -----
[eval_count=47 done_reason=stop total_ms=20926]
Die Stadtwasserwerke werden am Dienstagmorgen zwischen 8 Uhr und Mittag eine Wasserleitung in der Main Street reparieren. Bitte legen Sie vorab Wasservorräte an und rechnen Sie mit geringem Wasserdruck.

----- B_google   temp=1.0 top_p=0.95 top_k=64 -----
[eval_count=49 done_reason=stop total_ms=21355]
Das städtische Wasseramt wird am Dienstagmorgen zwischen 8 Uhr und Mittag eine Hauptwasserleitung in der Main Street reparieren. Bitte legen Sie vorab Wasserreserven an und rechnen Sie mit geringem Wasserdruck.

### REVIEW ANALYSIS (also shows num_predict truncation) ###
----- A_current  temp=0.2 num_predict=192 -----
[eval_count=192 done_reason=length total_ms=48375]
### Accessibility Remediation Analysis: Annual Water Quality Report

**Priority 1: Missing Alt Text (High)**
*   **Action:** Provide descriptive alternative text for all images, charts, and maps within the report.
*   **Why:** This is a high-priority accessibility barrier. Users who rely on screen readers cannot access visual data—which is often the core content of a water quality report (e.g., trend graphs or maps)—without proper alt text. If an image is purely decorative, it should be marked as such so the screen reader skips it; if it conveys data, the text must summarize that data accurately.

**Priority 2: Long Copy / Structure (Medium)**
*   **Action:** Organize the report using a clear heading hierarchy (H1, H2, H3) and provide a "Key Findings" summary at the beginning.
*   **Why:** While the current text is concise, full

----- B_google   temp=1.0 top_p=0.95 top_k=64 num_predict=512 -----
[eval_count=403 done_reason=stop total_ms=88111]
### Accessibility Remediation Analysis: Annual Water Quality Report

**Priority 1: missing-alt-text (High)**
*   **Action:** Identify all images, charts, or maps within the report and provide descriptive alternative text.
*   **Reasoning:** This is a high-priority finding because it impacts basic usability for screen reader users. If an image conveys data (such as a graph of contaminant levels), the alt text must summarize that data accurately so that visually impaired residents can access the same information as others.

**Priority 2: long-copy (Medium)**
*   **Action:** Organize the report into logical sections using clear headings and include a "Key Findings" summary at the beginning.
*   **Reasoning:** While not a total blocker, long blocks of technical text can be overwhelming for users with cognitive disabilities or those using screen readers. Breaking the content down improves navigability and ensures the information is digestible.

---

### Human Reviewer Notes & Recommendations
While addressing the automated findings, please manually verify the following:

*   **Plain Language Check:** Water quality reports often contain dense technical jargon (e.g., specific chemical concentrations or complex regulatory codes). Ensure that while the data remains accurate, the *explanation* of what those levels mean for public health is written in clear, non-technical language.
*   **Data Visualization Accessibility:** If the report includes complex tables or maps, consider providing a text-based summary of the "Highs and Lows" to ensure the information isn't trapped inside an image or a difficult-to-read grid.
*   **Heading Hierarchy:** Ensure that when adding headings to address the "long-copy" finding, they follow a nested structure (e.g., H1 for main sections, H2 for subsections) to allow for easy keyboard navigation.

*Disclaimer: This analysis is for advisory purposes only; a qualified human reviewer must make the final determination on all accessibility requirements.*


